
> portfolio@0.0.0 build
> vite build

[36mvite v8.0.16 [32mbuilding client environment for production...[36m[39m
[2Ktransforming...✓ 2147 modules transformed.
[31m✗[39m Build failed in 604ms
[31merror during build:
[31mBuild failed with 1 error:

[plugin vite:css] D:/projects/portfolio/src/index.css:undefined:NaN
Error: [postcss] It looks like you're trying to use `tailwindcss` directly as a PostCSS plugin. The PostCSS plugin has moved to a separate package, so to continue using Tailwind CSS with PostCSS you'll need to install `@tailwindcss/postcss` and update your PostCSS configuration.
    at ft (D:\projects\portfolio\node_modules\tailwindcss\dist\lib.js:38:1643)
    at LazyResult.runOnRoot (D:\projects\portfolio\node_modules\postcss\lib\lazy-result.js:361:16)
    at LazyResult.runAsync (D:\projects\portfolio\node_modules\postcss\lib\lazy-result.js:290:26)
    at async runPostCSS (file:///D:/projects/portfolio/node_modules/vite/dist/node/chunks/node.js:21166:19)
    at async compilePostCSS (file:///D:/projects/portfolio/node_modules/vite/dist/node/chunks/node.js:21150:6)
    at async compileCSS (file:///D:/projects/portfolio/node_modules/vite/dist/node/chunks/node.js:21080:26)
    at async TransformPluginContextImpl.handler (file:///D:/projects/portfolio/node_modules/vite/dist/node/chunks/node.js:20588:47)
    at async plugin (file:///D:/projects/portfolio/node_modules/rolldown/dist/shared/bindingify-input-options-ClrST5Xx.mjs:1185:16)
    at async plugin.<computed> (file:///D:/projects/portfolio/node_modules/rolldown/dist/shared/bindingify-input-options-ClrST5Xx.mjs:1625:12)[31m
    at aggregateBindingErrorsIntoJsError (file:///D:/projects/portfolio/node_modules/rolldown/dist/shared/error-BuvQYXuZ.mjs:48:18)
    at unwrapBindingResult (file:///D:/projects/portfolio/node_modules/rolldown/dist/shared/error-BuvQYXuZ.mjs:18:128)
    at #build (file:///D:/projects/portfolio/node_modules/rolldown/dist/shared/rolldown-build-CrPk_lZe.mjs:3246:34)
    at async buildEnvironment (file:///D:/projects/portfolio/node_modules/vite/dist/node/chunks/node.js:33253:64)
    at async Object.build (file:///D:/projects/portfolio/node_modules/vite/dist/node/chunks/node.js:33675:19)
    at async Object.buildApp (file:///D:/projects/portfolio/node_modules/vite/dist/node/chunks/node.js:33672:153)
    at async CAC.<anonymous> (file:///D:/projects/portfolio/node_modules/vite/dist/node/cli.js:777:3) {
  errors: [Getter/Setter]
}[39m
